main.c:92:5:main	8	static
main.c:144:6:SystemClock_Config	88	static
main.c:189:13:MX_ADC1_Init	24	static
main.c:246:13:MX_TIM3_Init	32	static
main.c:291:13:MX_TIM11_Init	8	static
main.c:322:13:MX_USART2_UART_Init	8	static
main.c:353:13:MX_DMA_Init	16	static
main.c:371:13:MX_GPIO_Init	48	static
main.c:454:6:HAL_TIM_PeriodElapsedCallback	16	static
main.c:460:10:micros	4	static
main.c:466:6:HAL_GPIO_EXTI_Callback	16	static
main.c:484:6:ButtonMatrixRead	24	static
main.c:520:6:SumDegreeButton	16	static
main.c:560:6:Error_Handler	4	static,ignoring_inline_asm
