main.c:96:5:main	8	static
main.c:156:6:SystemClock_Config	88	static
main.c:201:13:MX_ADC1_Init	24	static
main.c:258:13:MX_TIM1_Init	96	static
main.c:333:13:MX_TIM3_Init	32	static
main.c:378:13:MX_TIM11_Init	8	static
main.c:409:13:MX_USART2_UART_Init	8	static
main.c:440:13:MX_DMA_Init	16	static
main.c:458:13:MX_GPIO_Init	48	static
main.c:541:6:HAL_TIM_PeriodElapsedCallback	16	static
main.c:547:10:micros	4	static
main.c:553:6:HAL_GPIO_EXTI_Callback	16	static
main.c:571:6:ButtonMatrixRead	24	static
main.c:607:6:SumDegreeButton	4	static
main.c:647:6:Error_Handler	4	static,ignoring_inline_asm
